 creds   ● synced never  ▲ conflicts 1  remote https://example.com/vault.git  v…
last sync failed: network down. press s to retry
╭──────────────────────────────────────────────────────────────────────────────╮
│ / to filter                                                              3/3 │
│                                                                              │
│ ▌ db/prod                         database  h                                │
│   web/mail                        login     me                               │
│   work/very/long/path/that/keep…  login     someone.with.a.long.name@a-very… │
│                                                                              │
│                                                                              │
│                                                                              │
│                                                                              │
│                                                                              │
│                                                                              │
│                                                                              │
│                                                                              │
│                                                                              │
│                                                                              │
│                                                                              │
│                                                                              │
│                                                                              │
╰──────────────────────────────────────────────────────────────────────────────╯
no clipboard. use creds get db/prod --show instead
? help  enter open  y copy default