 creds   ● synced never  ▲ conflicts 1  remote https://example.com/vault.git  v…
last sync failed: network down. press s to retry
╭──────────────────────────────────────────────────────────────────────────────╮
│ / wm_                                                                    2/3 │
│                                                                              │
│ ▌ web/mail                        login  me                                  │
│   work/very/long/path/that/keep…  login  someone.with.a.long.name@a-very-lo… │
│                                                                              │
│                                                                              │
│                                                                              │
│                                                                              │
│                                                                              │
│                                                                              │
│                                                                              │
│                                                                              │
│                                                                              │
│                                                                              │
│                                                                              │
│                                                                              │
│                                                                              │
│                                                                              │
╰──────────────────────────────────────────────────────────────────────────────╯

enter keep filter  esc clear filter  up/down move